done bellek 70 seed0
done bellekt 70 seed0
done g6k 70 seed0
done asiaccs 70 seed0
done pssearch 70 seed0
done bkz2 70 seed0
done pbkz 70 seed0
done bellek 80 seed0
done bellekt 80 seed0
done g6k 80 seed0
done asiaccs 80 seed0
done pssearch 80 seed0
done bkz2 80 seed0
done pbkz 80 seed0
done bellek 90 seed0
done bellekt 90 seed0
done g6k 90 seed0
done asiaccs 90 seed0
done pssearch 90 seed0
done bkz2 90 seed0
done pbkz 90 seed0
done bellek 100 seed0
done bellekt 100 seed0
done g6k 100 seed0
done asiaccs 100 seed0
done pssearch 100 seed0
done bkz2 100 seed0
done pbkz 100 seed0
done bellek 70 seed1
done bellekt 70 seed1
done g6k 70 seed1
done asiaccs 70 seed1
done pssearch 70 seed1
done bkz2 70 seed1
done pbkz 70 seed1
done bellek 80 seed1
done bellekt 80 seed1
done g6k 80 seed1
done asiaccs 80 seed1
done pssearch 80 seed1
done bkz2 80 seed1
done pbkz 80 seed1
done bellek 90 seed1
done bellekt 90 seed1
done g6k 90 seed1
done asiaccs 90 seed1
done pssearch 90 seed1
done bkz2 90 seed1
done pbkz 90 seed1
done bellek 100 seed1
done bellekt 100 seed1
done g6k 100 seed1
done asiaccs 100 seed1
done pssearch 100 seed1
done bkz2 100 seed1
done pbkz 100 seed1
done bellek 70 seed2
done bellekt 70 seed2
done g6k 70 seed2
done asiaccs 70 seed2
done pssearch 70 seed2
done bkz2 70 seed2
done pbkz 70 seed2
done bellek 80 seed2
done bellekt 80 seed2
done g6k 80 seed2
done asiaccs 80 seed2
done pssearch 80 seed2
done bkz2 80 seed2
done pbkz 80 seed2
done bellek 90 seed2
done bellekt 90 seed2
done g6k 90 seed2
done asiaccs 90 seed2
done pssearch 90 seed2
done bkz2 90 seed2
done pbkz 90 seed2
done bellek 100 seed2
done bellekt 100 seed2
done g6k 100 seed2
done asiaccs 100 seed2
done pssearch 100 seed2
done bkz2 100 seed2
done pbkz 100 seed2
done bellek 70 seed3
done bellekt 70 seed3
done g6k 70 seed3
done asiaccs 70 seed3
done pssearch 70 seed3
done bkz2 70 seed3
done pbkz 70 seed3
done bellek 80 seed3
done bellekt 80 seed3
done g6k 80 seed3
done asiaccs 80 seed3
done pssearch 80 seed3
done bkz2 80 seed3
done pbkz 80 seed3
done bellek 90 seed3
done bellekt 90 seed3
done g6k 90 seed3
done asiaccs 90 seed3
done pssearch 90 seed3
done bkz2 90 seed3
done pbkz 90 seed3
done bellek 100 seed3
done bellekt 100 seed3
done g6k 100 seed3
done asiaccs 100 seed3
done pssearch 100 seed3
done bkz2 100 seed3
done pbkz 100 seed3
done bellek 70 seed4
done bellekt 70 seed4
done g6k 70 seed4
done asiaccs 70 seed4
done pssearch 70 seed4
done bkz2 70 seed4
done pbkz 70 seed4
done bellek 80 seed4
done bellekt 80 seed4
done g6k 80 seed4
done asiaccs 80 seed4
done pssearch 80 seed4
done bkz2 80 seed4
done pbkz 80 seed4
done bellek 90 seed4
done bellekt 90 seed4
done g6k 90 seed4
done asiaccs 90 seed4
done pssearch 90 seed4
done bkz2 90 seed4
done pbkz 90 seed4
done bellek 100 seed4
done bellekt 100 seed4
done g6k 100 seed4
done asiaccs 100 seed4
done pssearch 100 seed4
done bkz2 100 seed4
done pbkz 100 seed4
