mu=0.125  lift=10    rec=100      err=408.0469
mu=0.125  lift=10    rec=1000     err=402.9684
mu=0.125  lift=10    rec=10000    err=381.3500
mu=0.125  lift=30    rec=100      err=170.8661
mu=0.125  lift=30    rec=1000     err=170.2140
mu=0.125  lift=30    rec=10000    err=170.9929
mu=0.125  lift=100   rec=100      err=54.2490
mu=0.125  lift=100   rec=1000     err=53.1945
mu=0.125  lift=100   rec=10000    err=54.2490
mu=0.25   lift=10    rec=100      err=228.2750
mu=0.25   lift=10    rec=1000     err=225.2023
mu=0.25   lift=10    rec=10000    err=187.9825
mu=0.25   lift=30    rec=100      err=80.1242
mu=0.25   lift=30    rec=1000     err=78.2677
mu=0.25   lift=30    rec=10000    err=80.1242
mu=0.25   lift=100   rec=100      err=40.5434
mu=0.25   lift=100   rec=1000     err=40.2055
mu=0.25   lift=100   rec=10000    err=40.5499
mu=0.5    lift=10    rec=100      err=114.8221
mu=0.5    lift=10    rec=1000     err=114.6188
mu=0.5    lift=10    rec=10000    err=114.8549
mu=0.5    lift=30    rec=100      err=47.5516
mu=0.5    lift=30    rec=1000     err=44.2057
mu=0.5    lift=30    rec=10000    err=48.0458
mu=0.5    lift=100   rec=100      err=67.7223
mu=0.5    lift=100   rec=1000     err=67.7223
mu=0.5    lift=100   rec=10000    err=67.7223
mu=1      lift=10    rec=100      err=63.2803
mu=1      lift=10    rec=1000     err=62.6622
mu=1      lift=10    rec=10000    err=63.2803
mu=1      lift=30    rec=100      err=66.0315
mu=1      lift=30    rec=1000     err=66.0315
mu=1      lift=30    rec=10000    err=66.0315
mu=1      lift=100   rec=100      err=120.3850
mu=1      lift=100   rec=1000     err=120.3849
mu=1      lift=100   rec=10000    err=120.3849
mu=2      lift=10    rec=100      err=67.0882
mu=2      lift=10    rec=1000     err=67.6275
mu=2      lift=10    rec=10000    err=67.4619
mu=2      lift=30    rec=100      err=114.7933
mu=2      lift=30    rec=1000     err=114.4940
mu=2      lift=30    rec=10000    err=114.4940
mu=2      lift=100   rec=100      err=182.5042
mu=2      lift=100   rec=1000     err=181.4459
mu=2      lift=100   rec=10000    err=181.4459
mu=4      lift=10    rec=100      err=106.1598
mu=4      lift=10    rec=1000     err=106.1598
mu=4      lift=10    rec=10000    err=106.1598
mu=4      lift=30    rec=100      err=172.5814
mu=4      lift=30    rec=1000     err=172.5711
mu=4      lift=30    rec=10000    err=172.5711
mu=4      lift=100   rec=100      err=236.4407
mu=4      lift=100   rec=1000     err=236.4407
mu=4      lift=100   rec=10000    err=236.4407
mu=8      lift=10    rec=100      err=157.0051
mu=8      lift=10    rec=1000     err=157.0257
mu=8      lift=10    rec=10000    err=157.0257
mu=8      lift=30    rec=100      err=226.4612
mu=8      lift=30    rec=1000     err=226.4586
mu=8      lift=30    rec=10000    err=226.4586
mu=8      lift=100   rec=100      err=274.5072
mu=8      lift=100   rec=1000     err=274.5072
mu=8      lift=100   rec=10000    err=274.5072
best ((0.25, 100.0, 1000.0), 40.20554966364185)
